// Jest Snapshot v1, https://goo.gl/fbAQLP

exports[`exclude option should match snapshot for a single RegExp value exclude: assets 1`] = `
{
  "include-exclude/exclude-1.json": "{
  "squadName": "Super hero squad",
  "homeTown": "Metro City",
  "formed": 2016,
  "secretBase": "Super tower",
  "active": true
}
",
  "include-exclude/exclude-2.json": "{
  "squadName": "Super hero squad",
  "homeTown": "Metro City",
  "formed": 2016,
  "secretBase": "Super tower",
  "active": true
}
",
  "include-exclude/include-1.json": "{"squadName":"Super hero squad","homeTown":"Metro City","formed":2016,"secretBase":"Super tower","active":true}",
  "include-exclude/include-2.json": "{"squadName":"Super hero squad","homeTown":"Metro City","formed":2016,"secretBase":"Super tower","active":true}",
  "include-exclude/include-3.json": "{"squadName":"Super hero squad","homeTown":"Metro City","formed":2016,"secretBase":"Super tower","active":true}",
  "include-exclude/include-4.json": "{"squadName":"Super hero squad","homeTown":"Metro City","formed":2016,"secretBase":"Super tower","active":true}",
}
`;

exports[`exclude option should match snapshot for a single RegExp value exclude: errors 1`] = `[]`;

exports[`exclude option should match snapshot for a single RegExp value exclude: warnings 1`] = `[]`;

exports[`exclude option should match snapshot for multiple RegExp values exclude: assets 1`] = `
{
  "include-exclude/exclude-1.json": "{
  "squadName": "Super hero squad",
  "homeTown": "Metro City",
  "formed": 2016,
  "secretBase": "Super tower",
  "active": true
}
",
  "include-exclude/exclude-2.json": "{
  "squadName": "Super hero squad",
  "homeTown": "Metro City",
  "formed": 2016,
  "secretBase": "Super tower",
  "active": true
}
",
  "include-exclude/include-1.json": "{"squadName":"Super hero squad","homeTown":"Metro City","formed":2016,"secretBase":"Super tower","active":true}",
  "include-exclude/include-2.json": "{"squadName":"Super hero squad","homeTown":"Metro City","formed":2016,"secretBase":"Super tower","active":true}",
  "include-exclude/include-3.json": "{"squadName":"Super hero squad","homeTown":"Metro City","formed":2016,"secretBase":"Super tower","active":true}",
  "include-exclude/include-4.json": "{"squadName":"Super hero squad","homeTown":"Metro City","formed":2016,"secretBase":"Super tower","active":true}",
}
`;

exports[`exclude option should match snapshot for multiple RegExp values exclude: errors 1`] = `[]`;

exports[`exclude option should match snapshot for multiple RegExp values exclude: warnings 1`] = `[]`;

exports[`exclude option should match snapshot for multiple String values exclude: assets 1`] = `
{
  "include-exclude/exclude-1.json": "{
  "squadName": "Super hero squad",
  "homeTown": "Metro City",
  "formed": 2016,
  "secretBase": "Super tower",
  "active": true
}
",
  "include-exclude/exclude-2.json": "{
  "squadName": "Super hero squad",
  "homeTown": "Metro City",
  "formed": 2016,
  "secretBase": "Super tower",
  "active": true
}
",
  "include-exclude/include-1.json": "{"squadName":"Super hero squad","homeTown":"Metro City","formed":2016,"secretBase":"Super tower","active":true}",
  "include-exclude/include-2.json": "{"squadName":"Super hero squad","homeTown":"Metro City","formed":2016,"secretBase":"Super tower","active":true}",
  "include-exclude/include-3.json": "{"squadName":"Super hero squad","homeTown":"Metro City","formed":2016,"secretBase":"Super tower","active":true}",
  "include-exclude/include-4.json": "{"squadName":"Super hero squad","homeTown":"Metro City","formed":2016,"secretBase":"Super tower","active":true}",
}
`;

exports[`exclude option should match snapshot for multiple String values exclude: errors 1`] = `[]`;

exports[`exclude option should match snapshot for multiple String values exclude: warnings 1`] = `[]`;
