// Jest Snapshot v1, https://goo.gl/fbAQLP

exports[`include option should match snapshot for a single RegExp value include: assets 1`] = `
{
  "include-exclude/exclude-1.json": "{
  "squadName": "Super hero squad",
  "homeTown": "Metro City",
  "formed": 2016,
  "secretBase": "Super tower",
  "active": true
}
",
  "include-exclude/exclude-2.json": "{
  "squadName": "Super hero squad",
  "homeTown": "Metro City",
  "formed": 2016,
  "secretBase": "Super tower",
  "active": true
}
",
  "include-exclude/include-1.json": "{"squadName":"Super hero squad","homeTown":"Metro City","formed":2016,"secretBase":"Super tower","active":true}",
  "include-exclude/include-2.json": "{"squadName":"Super hero squad","homeTown":"Metro City","formed":2016,"secretBase":"Super tower","active":true}",
  "include-exclude/include-3.json": "{"squadName":"Super hero squad","homeTown":"Metro City","formed":2016,"secretBase":"Super tower","active":true}",
  "include-exclude/include-4.json": "{"squadName":"Super hero squad","homeTown":"Metro City","formed":2016,"secretBase":"Super tower","active":true}",
}
`;

exports[`include option should match snapshot for a single RegExp value include: errors 1`] = `[]`;

exports[`include option should match snapshot for a single RegExp value include: warnings 1`] = `[]`;

exports[`include option should match snapshot for multiple RegExp values include: assets 1`] = `
{
  "include-exclude/exclude-1.json": "{
  "squadName": "Super hero squad",
  "homeTown": "Metro City",
  "formed": 2016,
  "secretBase": "Super tower",
  "active": true
}
",
  "include-exclude/exclude-2.json": "{
  "squadName": "Super hero squad",
  "homeTown": "Metro City",
  "formed": 2016,
  "secretBase": "Super tower",
  "active": true
}
",
  "include-exclude/include-1.json": "{"squadName":"Super hero squad","homeTown":"Metro City","formed":2016,"secretBase":"Super tower","active":true}",
  "include-exclude/include-2.json": "{"squadName":"Super hero squad","homeTown":"Metro City","formed":2016,"secretBase":"Super tower","active":true}",
  "include-exclude/include-3.json": "{"squadName":"Super hero squad","homeTown":"Metro City","formed":2016,"secretBase":"Super tower","active":true}",
  "include-exclude/include-4.json": "{"squadName":"Super hero squad","homeTown":"Metro City","formed":2016,"secretBase":"Super tower","active":true}",
}
`;

exports[`include option should match snapshot for multiple RegExp values include: errors 1`] = `[]`;

exports[`include option should match snapshot for multiple RegExp values include: warnings 1`] = `[]`;

exports[`include option should match snapshot for multiple String values include: assets 1`] = `
{
  "include-exclude/exclude-1.json": "{"squadName":"Super hero squad","homeTown":"Metro City","formed":2016,"secretBase":"Super tower","active":true}",
  "include-exclude/exclude-2.json": "{"squadName":"Super hero squad","homeTown":"Metro City","formed":2016,"secretBase":"Super tower","active":true}",
  "include-exclude/include-1.json": "{
  "squadName": "Super hero squad",
  "homeTown": "Metro City",
  "formed": 2016,
  "secretBase": "Super tower",
  "active": true
}
",
  "include-exclude/include-2.json": "{
  "squadName": "Super hero squad",
  "homeTown": "Metro City",
  "formed": 2016,
  "secretBase": "Super tower",
  "active": true
}
",
  "include-exclude/include-3.json": "{
  "squadName": "Super hero squad",
  "homeTown": "Metro City",
  "formed": 2016,
  "secretBase": "Super tower",
  "active": true
}
",
  "include-exclude/include-4.json": "{
  "squadName": "Super hero squad",
  "homeTown": "Metro City",
  "formed": 2016,
  "secretBase": "Super tower",
  "active": true
}
",
}
`;

exports[`include option should match snapshot for multiple String values include: errors 1`] = `[]`;

exports[`include option should match snapshot for multiple String values include: warnings 1`] = `[]`;
